Thu Jan 14  9:56:30 1999 

Q:\mm\deathTimeDylan\work_1999_01_13\Setting_dfmc-reader>date /t 
Thu 14/01/1999 

Q:\mm\deathTimeDylan\work_1999_01_13\Setting_dfmc-reader>cd q:\Dylan\personal_copy\test-dylan\trace 

Q:\Dylan\personal_copy\test-dylan\trace>set MPS_TRACKING_FREQUENCY=1000000 

Q:\Dylan\personal_copy\test-dylan\trace>call q:\Dylan\builds\set-build-variables.bat   -p  q:\Dylan\personal_copy   -r  \Dylan   -sd q: 
-----------------------------------------------------------------------
          Environment Settings
-----------------------------------------------------------------------
HARLEQUIN_DYLAN_PLATFORM_NAME=x86-win32
HARLEQUIN_DYLAN_PROJECTS_BUILD=q:\Dylan\personal_copy\build
HARLEQUIN_DYLAN_PROJECTS_INSTALL=q:\Dylan\personal_copy
HARLEQUIN_DYLAN_RELEASE_INSTALL=q:\Dylan
HARLEQUIN_DYLAN_RELEASE_REGISTRIES=q:\Dylan\Sources\registry
HARLEQUIN_DYLAN_RELEASE_ROOT=q:\Dylan
HARLEQUIN_DYLAN_RELEASE_SOURCES=q:\Dylan\Sources
HARLEQUIN_DYLAN_USER_BUILD=q:\Dylan\personal_copy\build
HARLEQUIN_DYLAN_USER_INSTALL=q:\Dylan\personal_copy
HARLEQUIN_DYLAN_USER_REGISTRIES=q:\Dylan\personal_copy\Sources\registry
HARLEQUIN_DYLAN_USER_ROOT=q:\Dylan\personal_copy
HARLEQUIN_DYLAN_USER_SOURCES=q:\Dylan\personal_copy\Sources
DYLAN_DEATHTIME_DIR=q:\mm\deathtimeDylan
DYLAN_DEATHTIME_TRACE_DIR=q:\Dylan\personal_copy\test-dylan\trace
DYLAN_HOME=q:\Dylan
DYLAN_HOPE_BRANCH=trunk
DYLAN_PERSONAL_COPY=q:\Dylan\personal_copy
DYLAN_RELEASE_ROOT=q:\Dylan
DYLAN_SERVER=lordosis
DYLAN_SYSTEM_DRIVE=q:
-----------------------------------------------------------------------

Q:\Dylan\personal_copy\test-dylan\trace>set
ARGS=                                   
ASG_EP2000_ROOT=D:\EP2000\ASG-EP2000
BACK_END=pentium
CLASSPATH=.;D:\EP2000\ASG-EP2000\classes;D:\EP2000\ASG-EP2000;D:\EP2000\ASG-EP2000\classes\tracepatch.jar;D:\ep2k-nt4.0-x86-v1-17\mars-nt4.0-x86\sys\classes\marssys.jar;c:\hqbin\win32\jgl3.1.0\lib\jgl3.1.0.jar;C:\hqbin\win32\jdk1.1.7\lib\classes.zip
COMPUTERNAME=NADIR
COMSPEC=C:\WINNT\system32\cmd.exe
DEATHTIME_INFO_FILENAME=deathtimeInfo.txt
DEFAULT_ROOT=c:\Progra~1\Harlequin\Dylan
DYLAN_DEATHTIME_DIR=q:\mm\deathtimeDylan
DYLAN_DEATHTIME_TRACE_DIR=q:\Dylan\personal_copy\test-dylan\trace
DYLAN_HOME=q:\Dylan
DYLAN_HOPE_BRANCH=trunk
DYLAN_PERSONAL_COPY=q:\Dylan\personal_copy
DYLAN_RELEASE_ROOT=q:\Dylan
DYLAN_SERVER=lordosis
DYLAN_SYSTEM_DRIVE=q:
EMACS_BIN=C:\WINNT\hqbin\win32\emacs-19.34.6\bin
EP2000_DRIVE=D:
EP2000_ROOT=D:\EP2000
EP2K_ANDERSON_ROOT=D:\ep2k-nt4.0-x86-v1-17\ep2kanderson
EP2K_BRANCH=EP2K-release-v1-17
EP2K_COMPOUND=EP2K-release-nt4.0-x86
EP2K_DIR=D:
EP2K_RELEASE=v1-17
EP2K_ROOT=D:\ep2k-nt4.0-x86-v1-17
GCC_EXEC_PREFIX=C:\gnuwin32\b18\H-i386-cygwin32\lib\gcc-lib\
GDBTK_LIBRARY=C:/gnuwin32/b18/share/gdbtcl
HARLEQUIN_DYLAN_PLATFORM_NAME=x86-win32
HARLEQUIN_DYLAN_PROJECTS_BUILD=q:\Dylan\personal_copy\build
HARLEQUIN_DYLAN_PROJECTS_INSTALL=q:\Dylan\personal_copy
HARLEQUIN_DYLAN_RELEASE_INSTALL=q:\Dylan
HARLEQUIN_DYLAN_RELEASE_REGISTRIES=q:\Dylan\Sources\registry
HARLEQUIN_DYLAN_RELEASE_ROOT=q:\Dylan
HARLEQUIN_DYLAN_RELEASE_SOURCES=q:\Dylan\Sources
HARLEQUIN_DYLAN_USER_BUILD=q:\Dylan\personal_copy\build
HARLEQUIN_DYLAN_USER_INSTALL=q:\Dylan\personal_copy
HARLEQUIN_DYLAN_USER_REGISTRIES=q:\Dylan\personal_copy\Sources\registry
HARLEQUIN_DYLAN_USER_ROOT=q:\Dylan\personal_copy
HARLEQUIN_DYLAN_USER_SOURCES=q:\Dylan\personal_copy\Sources
HOMEDRIVE=Z:
HOMEPATH=\
HOMESHARE=\\twist\chrisg
HOPECOMMAND=HOPE.BAT
HOPEHOME=C:\hqbin\nt\x86\HOPE
HOPEPERL=C:\hqbin\nt\x86\HOPE
HOPESUBPATH=hqbin\nt\x86\HOPE
HQN=hqbin
INCLUDE=c:\msdev\include;c:\msdev\mfc\include;c:\hqbin\win32\devstudio\vc\include;c:\hqbin\win32\devstudio\vc\atl\include;c:\hqbin\win32\devstudio\vc\mfc\include;c:\hqbin\win32\devstudio\vc\include;c:\hqbin\win32\devstudio\vc\atl\include;c:\hqbin\win32\devstudio\vc\mfc\include;%include%
IT_CONFIG_PATH=d:\ep2k-nt4.0-x86-v1-17\mars-nt4.0-x86\iona-rt\config
JAVA_ROOT=C:\hqbin\win32\jdk1.1.7
JDK_ROOT=C:\hqbin\win32\jdk1.1.7
JGL_JAR=c:\hqbin\win32\jgl3.1.0\lib\jgl3.1.0.jar
LIB=c:\msdev\lib;c:\msdev\mfc\lib;c:\hqbin\win32\devstudio\vc\lib;c:\hqbin\win32\devstudio\vc\mfc\lib;c:\hqbin\win32\devstudio\vc\lib;c:\hqbin\win32\devstudio\vc\mfc\lib;%lib%
LOGONSERVER=\\DC1-ED
MARS_BRANCH=ETmars-general-v0-80a
MARS_COMPOUND=ETmars-release-nt4.0-x86
MARS_RELEASE=v0-80a
MARS_ROOT=D:\ep2k-nt4.0-x86-v1-17\mars-nt4.0-x86
MM_BIN=q:\mm\bin
MM_HOME=q:\mm
MPS_TRACKING_FREQUENCY=1000000
MSDEVDIR=c:\msdev;c:\hqbin\win32\devstudio\sharedide
MSTOOLS=c:\hqbin\win32\devstudio\vc
MSVCNT=c:\hqbin\win32\devstudio\vc
NUMBER_OF_PROCESSORS=1
ORBIX_ROOT=C:\Iona\Orbix_2.3c
OS=Windows_NT
OS2LIBPATH=C:\WINNT\system32\os2\dll;
PATH=q:\Dylan\personal_copy\bin;q:\Dylan\bin;.;C:\WINNT\system32;C:\WINNT;c:\hqbin\nt\x86\HOPE;c:\gnuwin32\b18\H-i386-cygwin32\bin;c:\hqbin\win32;c:\hqbin\nt\x86;C:\WINNT\hqbin\win32\emacs-19.34.6\bin;c:\hqbin\win32\gstools\gsview;c:\Winzip;C:\hqbin\win32\Vision;C:\hqbin\win32\Vision\System;C:\hqbin\win32\COMMON~1\Vision;c:\hqbin\win32\devstudio\sharedide\bin\ide;c:\hqbin\win32\devstudio\sharedide\bin;c:\hqbin\win32\devstudio\vc\bin;D:\EP2000\asg-ep2000\bin;C:\hqbin\win32\jdk1.1.7\bin;D:\ep2k-nt4.0-x86-v1-17\bin;D:\ep2k-nt4.0-x86-v1-17\mars-nt4.0-x86\bin
PATHEXT=.COM;.EXE;.BAT;.CMD
PERL5LIB=c:\hqbin\nt\x86\hope\lib
PROCESSOR_ARCHITECTURE=x86
PROCESSOR_IDENTIFIER=x86 Family 6 Model 1 Stepping 9, GenuineIntel
PROCESSOR_LEVEL=6
PROCESSOR_REVISION=0109
PROMPT=$P$G
SYSTEMDRIVE=C:
SYSTEMROOT=C:\WINNT
TCL_LIBRARY=C:/gnuwin32/b18/tcl/lib/tcl7.6
TEMP=C:\TEMP
TEST_DYLAN_DIR=q:\Dylan\personal_copy\test-dylan
TMP=C:\TEMP
USERDOMAIN=HARLEQUIN
USERNAME=chrisg
USERPROFILE=C:\WINNT\Profiles\chrisg.001
WINDIR=C:\WINNT

Q:\Dylan\personal_copy\test-dylan\trace>del /q q:\Dylan\personal_copy\Sources\registry\x86-win32\*.* 

Q:\Dylan\personal_copy\test-dylan\trace>copy q:\Dylan\Sources\registry\x86-win32\dfmc-reader      q:\Dylan\personal_copy\Sources\registry\x86-win32 
The system cannot find the file specified.

Q:\Dylan\personal_copy\test-dylan\trace>dir q:\Dylan\personal_copy\test-dylan\dylan-compile.exe 
 Volume in drive Q is main data processing disk
 Volume Serial Number is 9037-D05A

 Directory of q:\Dylan\personal_copy\test-dylan

08/06/98  16:08                 77,072 dylan-compile.exe
               1 File(s)         77,072 bytes
                          8,015,835,136 bytes free

Q:\Dylan\personal_copy\test-dylan\trace>echo compile-library -force-compile dfmc-reader   | q:\Dylan\personal_copy\test-dylan\dylan-compile.exe

Harlequin(R) Dylan(TM) Internal Edition
Version 1.0
Copyright (c) 1997-1998, Harlequin Group plc. All rights reserved.

dylan => Opened project dfmc-reader
//+   Reading and installing: {flat file "reader-library"}.
Error: {flat file "reader-library"} was unexpectedly modified during compilation.


Internal error: : Error: {flat file "reader-library"} was unexpectedly modified during compilation.


  0: (debug) Invoke low-level debugger
  1: (abort) Return to level 0

Type c followed by a number to proceed or type help for other options

dylan:1 => 
A serious error was encountered reading from console... Aborting
Done

Q:\Dylan\personal_copy\test-dylan\trace>echo "finishing SCRIPT_FILE" 
"finishing SCRIPT_FILE"
Thu Jan 14  9:58:27 1999 

